// Vitest Snapshot v1, https://vitest.dev/guide/snapshot.html

exports[`emits onChange on correct format if a valid value has been typed 1`] = `
[
  [
    undefined,
  ],
]
`;
